; TECkit mapping for Unicode <-> EC

; a workaround for the usage of old EC-encoded fonts in TeX

LHSName	"UNICODE"
RHSName	"EC"

pass(Unicode)
U+0060	<>	U+0000	; grave
U+00B4	<>	U+0001	; acute
U+02C6	<>	U+0002	; circumflex
U+02DC	<>	U+0003	; tilde
U+00A8	<>	U+0004	; dieresis
U+02DD	<>	U+0005	; hungarumlaut
U+02DA	<>	U+0006	; ring
U+02C7	<>	U+0007	; caron
U+02D8	<>	U+0008	; breve
U+00AF	<>	U+0009	; macron
U+02D9	<>	U+000A	; dotaccent
U+00B8	<>	U+000B	; cedilla
U+02DB	<>	U+000C	; ogonek
U+201A	<>	U+000D	; quotesinglbase
U+2039	<>	U+000E	; guilsinglleft
U+203A	<>	U+000F	; guilsinglright
U+201C	<>	U+0010	; quotedblleft
U+201D	<>	U+0011	; quotedblright
U+201E	<>	U+0012	; quotedblbase
U+00AB	<>	U+0013	; guillemotleft
U+00BB	<>	U+0014	; guillemotright
U+2013	<>	U+0015	; endash
U+2014	<>	U+0016	; emdash
U+200B	<>	U+0017	; cwm
; perthousandzero     : no Unicode mapping assigned
U+0131	<>	U+0019	; dotlessi
U+0237	<>	U+001A	; dotlessj
U+FB00	<>	U+001B	; ff
U+FB01	<>	U+001C	; fi
U+FB02	<>	U+001D	; fl
U+FB03	<>	U+001E	; ffi
U+FB04	<>	U+001F	; ffl
U+2423	<>	U+0020	; visiblespace
U+2019	<>	U+0027	; quoteright
U+2018	<>	U+0060	; quoteleft
U+00AD	<>	U+007F	; hyphen.alt
U+0102	<>	U+0080	; Abreve
U+0104	<>	U+0081	; Aogonek
U+0106	<>	U+0082	; Cacute
U+010C	<>	U+0083	; Ccaron
U+010E	<>	U+0084	; Dcaron
U+011A	<>	U+0085	; Ecaron
U+0118	<>	U+0086	; Eogonek
U+011E	<>	U+0087	; Gbreve
U+0139	<>	U+0088	; Lacute
U+013D	<>	U+0089	; Lcaron
U+0141	<>	U+008A	; Lslash
U+0143	<>	U+008B	; Nacute
U+0147	<>	U+008C	; Ncaron
U+014A	<>	U+008D	; Eng
U+0150	<>	U+008E	; Ohungarumlaut
U+0154	<>	U+008F	; Racute
U+0158	<>	U+0090	; Rcaron
U+015A	<>	U+0091	; Sacute
U+0160	<>	U+0092	; Scaron
U+015E	<>	U+0093	; Scedilla
U+0164	<>	U+0094	; Tcaron
U+0162	<>	U+0095	; Tcedilla
U+0170	<>	U+0096	; Uhungarumlaut
U+016E	<>	U+0097	; Uring
U+0178	<>	U+0098	; Ydieresis
U+0179	<>	U+0099	; Zacute
U+017D	<>	U+009A	; Zcaron
U+017B	<>	U+009B	; Zdotaccent
U+0132	<>	U+009C	; IJ
U+0130	<>	U+009D	; Idotaccent
U+0111	<>	U+009E	; dcroat
U+00A7	<>	U+009F	; section
U+0103	<>	U+00A0	; abreve
U+0105	<>	U+00A1	; aogonek
U+0107	<>	U+00A2	; cacute
U+010D	<>	U+00A3	; ccaron
U+010F	<>	U+00A4	; dcaron
U+011B	<>	U+00A5	; ecaron
U+0119	<>	U+00A6	; eogonek
U+011F	<>	U+00A7	; gbreve
U+013A	<>	U+00A8	; lacute
U+013E	<>	U+00A9	; lcaron
U+0142	<>	U+00AA	; lslash
U+0144	<>	U+00AB	; nacute
U+0148	<>	U+00AC	; ncaron
U+014B	<>	U+00AD	; eng
U+0151	<>	U+00AE	; ohungarumlaut
U+0155	<>	U+00AF	; racute
U+0159	<>	U+00B0	; rcaron
U+015B	<>	U+00B1	; sacute
U+0161	<>	U+00B2	; scaron
U+015F	<>	U+00B3	; scedilla
U+0165	<>	U+00B4	; tcaron
U+0163	<>	U+00B5	; tcedilla
U+0171	<>	U+00B6	; uhungarumlaut
U+016F	<>	U+00B7	; uring
U+00FF	<>	U+00B8	; ydieresis
U+017A	<>	U+00B9	; zacute
U+017E	<>	U+00BA	; zcaron
U+017C	<>	U+00BB	; zdotaccent
U+0133	<>	U+00BC	; ij
U+00A1	<>	U+00BD	; exclamdown
U+00BF	<>	U+00BE	; questiondown
U+00A3	<>	U+00BF	; sterling
U+0152	<>	U+00D7	; OE
U+1E9E	<>	U+00DF	; Germandbls
U+0153	<>	U+00F7	; oe
U+00DF	<>	U+00FF	; germandbls
