EncodingName "TeX-ec"

pass(Byte_Unicode)

0	<>	U+0060	; grave
1	<>	U+00B4	; acute
2	<>	U+02C6	; circumflex
3	<>	U+02DC	; tilde
4	<>	U+00A8	; dieresis
5	<>	U+02DD	; hungarumlaut
6	<>	U+02DA	; ring
7	<>	U+02C7	; caron
8	<>	U+02D8	; breve
9	<>	U+00AF	; macron
10	<>	U+02D9	; dotaccent
11	<>	U+00B8	; cedilla
12	<>	U+02DB	; ogonek
13	<>	U+201A	; quotesinglbase
14	<>	U+2039	; guilsinglleft
15	<>	U+203A	; guilsinglright
16	<>	U+201C	; quotedblleft
17	<>	U+201D	; quotedblright
18	<>	U+201E	; quotedblbase
19	<>	U+00AB	; guillemotleft
20	<>	U+00BB	; guillemotright
21	<>	U+2013	; endash
22	<>	U+2014	; emdash
23	<>	U+200B	; cwm
; perthousandzero     : no Unicode mapping assigned
25	<>	U+0131	; dotlessi
26	<>	U+0237	; dotlessj
27	<>	U+FB00	; ff
28	<>	U+FB01	; fi
29	<>	U+FB02	; fl
30	<>	U+FB03	; ffi
31	<>	U+FB04	; ffl
32	<>	U+2423	; visiblespace
39	<>	U+2019	; quoteright
96	<>	U+2018	; quoteleft
127	<>	U+00AD	; hyphen.alt
128	<>	U+0102	; Abreve
129	<>	U+0104	; Aogonek
130	<>	U+0106	; Cacute
131	<>	U+010C	; Ccaron
132	<>	U+010E	; Dcaron
133	<>	U+011A	; Ecaron
134	<>	U+0118	; Eogonek
135	<>	U+011E	; Gbreve
136	<>	U+0139	; Lacute
137	<>	U+013D	; Lcaron
138	<>	U+0141	; Lslash
139	<>	U+0143	; Nacute
140	<>	U+0147	; Ncaron
141	<>	U+014A	; Eng
142	<>	U+0150	; Ohungarumlaut
143	<>	U+0154	; Racute
144	<>	U+0158	; Rcaron
145	<>	U+015A	; Sacute
146	<>	U+0160	; Scaron
147	<>	U+015E	; Scedilla
148	<>	U+0164	; Tcaron
149	<>	U+0162	; Tcedilla
150	<>	U+0170	; Uhungarumlaut
151	<>	U+016E	; Uring
152	<>	U+0178	; Ydieresis
153	<>	U+0179	; Zacute
154	<>	U+017D	; Zcaron
155	<>	U+017B	; Zdotaccent
156	<>	U+0132	; IJ
157	<>	U+0130	; Idotaccent
158	<>	U+0111	; dcroat
159	<>	U+00A7	; section
160	<>	U+0103	; abreve
161	<>	U+0105	; aogonek
162	<>	U+0107	; cacute
163	<>	U+010D	; ccaron
164	<>	U+010F	; dcaron
165	<>	U+011B	; ecaron
166	<>	U+0119	; eogonek
167	<>	U+011F	; gbreve
168	<>	U+013A	; lacute
169	<>	U+013E	; lcaron
170	<>	U+0142	; lslash
171	<>	U+0144	; nacute
172	<>	U+0148	; ncaron
173	<>	U+014B	; eng
174	<>	U+0151	; ohungarumlaut
175	<>	U+0155	; racute
176	<>	U+0159	; rcaron
177	<>	U+015B	; sacute
178	<>	U+0161	; scaron
179	<>	U+015F	; scedilla
180	<>	U+0165	; tcaron
181	<>	U+0163	; tcedilla
182	<>	U+0171	; uhungarumlaut
183	<>	U+016F	; uring
184	<>	U+00FF	; ydieresis
185	<>	U+017A	; zacute
186	<>	U+017E	; zcaron
187	<>	U+017C	; zdotaccent
188	<>	U+0133	; ij
189	<>	U+00A1	; exclamdown
190	<>	U+00BF	; questiondown
191	<>	U+00A3	; sterling
215	<>	U+0152	; OE
223	<>	U+1E9E	; Germandbls
247	<>	U+0153	; oe
255	<>	U+00DF	; germandbls
