EncodingName "TeX-latin7x"

pass(Byte_Unicode)

0	<>	U+0060	; grave
1	<>	U+00B4	; acute
2	<>	U+02C6	; circumflex
3	<>	U+02DC	; tilde
4	<>	U+00A8	; dieresis
5	<>	U+02DD	; hungarumlaut
6	<>	U+02DA	; ring
7	<>	U+02C7	; caron
8	<>	U+02D8	; breve
9	<>	U+00AF	; macron
10	<>	U+02D9	; dotaccent
11	<>	U+00B8	; cedilla
12	<>	U+02DB	; ogonek
13	<>	U+201A	; quotesinglbase
14	<>	U+2039	; guilsinglleft
15	<>	U+203A	; guilsinglright
16	<>	U+201C	; quotedblleft
17	<>	U+201D	; quotedblright
18	<>	U+201E	; quotedblbase
19	<>	U+00AB	; guillemotleft
20	<>	U+00BB	; guillemotright
21	<>	U+2013	; endash
22	<>	U+2014	; emdash
23	<>	U+200B	; cwm
; perthousandzero     : no Unicode mapping assigned
25	<>	U+0131	; dotlessi
26	<>	U+0237	; dotlessj
27	<>	U+FB00	; ff
28	<>	U+FB01	; fi
29	<>	U+FB02	; fl
30	<>	U+FB03	; ffi
31	<>	U+FB04	; ffl
32	<>	U+0020	; space
33	<>	U+0021	; exclam
34	<>	U+0022	; quotedbl
35	<>	U+0023	; numbersign
36	<>	U+0024	; dollar
37	<>	U+0025	; percent
38	<>	U+0026	; ampersand
39	<>	U+2019	; quoteright
40	<>	U+0028	; parenleft
41	<>	U+0029	; parenright
42	<>	U+002A	; asterisk
43	<>	U+002B	; plus
44	<>	U+002C	; comma
45	<>	U+002D	; hyphen
46	<>	U+002E	; period
47	<>	U+002F	; slash
48	<>	U+0030	; zero
49	<>	U+0031	; one
50	<>	U+0032	; two
51	<>	U+0033	; three
52	<>	U+0034	; four
53	<>	U+0035	; five
54	<>	U+0036	; six
55	<>	U+0037	; seven
56	<>	U+0038	; eight
57	<>	U+0039	; nine
58	<>	U+003A	; colon
59	<>	U+003B	; semicolon
60	<>	U+003C	; less
61	<>	U+003D	; equal
62	<>	U+003E	; greater
63	<>	U+003F	; question
64	<>	U+0040	; at
65	<>	U+0041	; A
66	<>	U+0042	; B
67	<>	U+0043	; C
68	<>	U+0044	; D
69	<>	U+0045	; E
70	<>	U+0046	; F
71	<>	U+0047	; G
72	<>	U+0048	; H
73	<>	U+0049	; I
74	<>	U+004A	; J
75	<>	U+004B	; K
76	<>	U+004C	; L
77	<>	U+004D	; M
78	<>	U+004E	; N
79	<>	U+004F	; O
80	<>	U+0050	; P
81	<>	U+0051	; Q
82	<>	U+0052	; R
83	<>	U+0053	; S
84	<>	U+0054	; T
85	<>	U+0055	; U
86	<>	U+0056	; V
87	<>	U+0057	; W
88	<>	U+0058	; X
89	<>	U+0059	; Y
90	<>	U+005A	; Z
91	<>	U+005B	; bracketleft
92	<>	U+005C	; backslash
93	<>	U+005D	; bracketright
94	<>	U+005E	; asciicircum
95	<>	U+005F	; underscore
96	<>	U+2018	; quoteleft
97	<>	U+0061	; a
98	<>	U+0062	; b
99	<>	U+0063	; c
100	<>	U+0064	; d
101	<>	U+0065	; e
102	<>	U+0066	; f
103	<>	U+0067	; g
104	<>	U+0068	; h
105	<>	U+0069	; i
106	<>	U+006A	; j
107	<>	U+006B	; k
108	<>	U+006C	; l
109	<>	U+006D	; m
110	<>	U+006E	; n
111	<>	U+006F	; o
112	<>	U+0070	; p
113	<>	U+0071	; q
114	<>	U+0072	; r
115	<>	U+0073	; s
116	<>	U+0074	; t
117	<>	U+0075	; u
118	<>	U+0076	; v
119	<>	U+0077	; w
120	<>	U+0078	; x
121	<>	U+0079	; y
122	<>	U+007A	; z
123	<>	U+007B	; braceleft
124	<>	U+007C	; bar
125	<>	U+007D	; braceright
126	<>	U+007E	; asciitilde
; .notdef             : no Unicode mapping assigned
128	<>	U+20AC	; Euro
; .notdef             : no Unicode mapping assigned
130	<>	U+201A	; quotesinglbase
131	<>	U+0192	; florin
132	<>	U+201E	; quotedblbase
133	<>	U+2026	; ellipsis
134	<>	U+2020	; dagger
135	<>	U+2021	; daggerdbl
; .notdef             : no Unicode mapping assigned
137	<>	U+2030	; perthousand
; .notdef             : no Unicode mapping assigned
139	<>	U+2039	; guilsinglleft
140	<>	U+0152	; OE
141	<>	U+00A8	; dieresis
142	<>	U+02C7	; caron
143	<>	U+00B8	; cedilla
; .notdef             : no Unicode mapping assigned
145	<>	U+2018	; quoteleft
146	<>	U+2019	; quoteright
147	<>	U+201C	; quotedblleft
148	<>	U+201D	; quotedblright
149	<>	U+2022	; bullet
150	<>	U+2013	; endash
151	<>	U+2014	; emdash
; .notdef             : no Unicode mapping assigned
153	<>	U+2122	; trademark
; .notdef             : no Unicode mapping assigned
155	<>	U+203A	; guilsinglright
156	<>	U+0153	; oe
157	<>	U+00AF	; macron
158	<>	U+02DB	; ogonek
; .notdef             : no Unicode mapping assigned
160	<>	U+0020	; space
161	<>	U+201D	; quotedblright
162	<>	U+00A2	; cent
163	<>	U+00A3	; sterling
164	<>	U+00A4	; currency
165	<>	U+201E	; quotedblbase
166	<>	U+00A6	; brokenbar
167	<>	U+00A7	; section
168	<>	U+00D8	; Oslash
169	<>	U+00A9	; copyright
170	<>	U+0156	; Rcommaaccent
171	<>	U+00AB	; guillemotleft
172	<>	U+00AC	; logicalnot
173	<>	U+002D	; hyphen
174	<>	U+00AE	; registered
175	<>	U+00C6	; AE
176	<>	U+00B0	; degree
177	<>	U+00B1	; plusminus
178	<>	U+00B2	; twosuperior
179	<>	U+00B3	; threesuperior
180	<>	U+201C	; quotedblleft
181	<>	U+00B5	; mu
182	<>	U+00B6	; paragraph
183	<>	U+00B7	; periodcentered
184	<>	U+00F8	; oslash
185	<>	U+00B9	; onesuperior
186	<>	U+0157	; rcommaaccent
187	<>	U+00BB	; guillemotright
188	<>	U+00BC	; onequarter
189	<>	U+00BD	; onehalf
190	<>	U+00BE	; threequarters
191	<>	U+00E6	; ae
192	<>	U+0104	; Aogonek
193	<>	U+012E	; Iogonek
194	<>	U+0100	; Amacron
195	<>	U+0106	; Cacute
196	<>	U+00C4	; Adieresis
197	<>	U+00C5	; Aring
198	<>	U+0118	; Eogonek
199	<>	U+0112	; Emacron
200	<>	U+010C	; Ccaron
201	<>	U+00C9	; Eacute
202	<>	U+0179	; Zacute
203	<>	U+0116	; Edotaccent
204	<>	U+0122	; Gcommaaccent
205	<>	U+0136	; Kcommaaccent
206	<>	U+012A	; Imacron
207	<>	U+013B	; Lcommaaccent
208	<>	U+0160	; Scaron
209	<>	U+0143	; Nacute
210	<>	U+0145	; Ncommaaccent
211	<>	U+00D3	; Oacute
212	<>	U+014C	; Omacron
213	<>	U+00D5	; Otilde
214	<>	U+00D6	; Odieresis
215	<>	U+00D7	; multiply
216	<>	U+0172	; Uogonek
217	<>	U+0141	; Lslash
218	<>	U+015A	; Sacute
219	<>	U+016A	; Umacron
220	<>	U+00DC	; Udieresis
221	<>	U+017B	; Zdotaccent
222	<>	U+017D	; Zcaron
223	<>	U+00DF	; germandbls
224	<>	U+0105	; aogonek
225	<>	U+012F	; iogonek
226	<>	U+0101	; amacron
227	<>	U+0107	; cacute
228	<>	U+00E4	; adieresis
229	<>	U+00E5	; aring
230	<>	U+0119	; eogonek
231	<>	U+0113	; emacron
232	<>	U+010D	; ccaron
233	<>	U+00E9	; eacute
234	<>	U+017A	; zacute
235	<>	U+0117	; edotaccent
236	<>	U+0123	; gcommaaccent
237	<>	U+0137	; kcommaaccent
238	<>	U+012B	; imacron
239	<>	U+013C	; lcommaaccent
240	<>	U+0161	; scaron
241	<>	U+0144	; nacute
242	<>	U+0146	; ncommaaccent
243	<>	U+00F3	; oacute
244	<>	U+014D	; omacron
245	<>	U+00F5	; otilde
246	<>	U+00F6	; odieresis
247	<>	U+00F7	; divide
248	<>	U+0173	; uogonek
249	<>	U+0142	; lslash
250	<>	U+015B	; sacute
251	<>	U+016B	; umacron
252	<>	U+00FC	; udieresis
253	<>	U+017C	; zdotaccent
254	<>	U+017E	; zcaron
255	<>	U+2019	; quoteright
