EncodingName "TeX-latin7x"

pass(Byte_Unicode)

0	<>	U+0060	; grave
1	<>	U+00B4	; acute
2	<>	U+02C6	; circumflex
3	<>	U+02DC	; tilde
4	<>	U+00A8	; dieresis
5	<>	U+02DD	; hungarumlaut
6	<>	U+02DA	; ring
7	<>	U+02C7	; caron
8	<>	U+02D8	; breve
9	<>	U+00AF	; macron
10	<>	U+02D9	; dotaccent
11	<>	U+00B8	; cedilla
12	<>	U+02DB	; ogonek
13	<>	U+201A	; quotesinglbase
14	<>	U+2039	; guilsinglleft
15	<>	U+203A	; guilsinglright
16	<>	U+201C	; quotedblleft
17	<>	U+201D	; quotedblright
18	<>	U+201E	; quotedblbase
19	<>	U+00AB	; guillemotleft
20	<>	U+00BB	; guillemotright
21	<>	U+2013	; endash
22	<>	U+2014	; emdash
23	<>	U+200B	; cwm
; perthousandzero     : no Unicode mapping assigned
25	<>	U+0131	; dotlessi
26	<>	U+0237	; dotlessj
27	<>	U+FB00	; ff
28	<>	U+FB01	; fi
29	<>	U+FB02	; fl
30	<>	U+FB03	; ffi
31	<>	U+FB04	; ffl
39	<>	U+2019	; quoteright
96	<>	U+2018	; quoteleft
; .notdef             : no Unicode mapping assigned
128	<>	U+20AC	; Euro
; .notdef             : no Unicode mapping assigned
130	<>	U+201A	; quotesinglbase
131	<>	U+0192	; florin
132	<>	U+201E	; quotedblbase
133	<>	U+2026	; ellipsis
134	<>	U+2020	; dagger
135	<>	U+2021	; daggerdbl
; .notdef             : no Unicode mapping assigned
137	<>	U+2030	; perthousand
; .notdef             : no Unicode mapping assigned
139	<>	U+2039	; guilsinglleft
140	<>	U+0152	; OE
141	<>	U+00A8	; dieresis
142	<>	U+02C7	; caron
143	<>	U+00B8	; cedilla
; .notdef             : no Unicode mapping assigned
145	<>	U+2018	; quoteleft
146	<>	U+2019	; quoteright
147	<>	U+201C	; quotedblleft
148	<>	U+201D	; quotedblright
149	<>	U+2022	; bullet
150	<>	U+2013	; endash
151	<>	U+2014	; emdash
; .notdef             : no Unicode mapping assigned
153	<>	U+2122	; trademark
; .notdef             : no Unicode mapping assigned
155	<>	U+203A	; guilsinglright
156	<>	U+0153	; oe
157	<>	U+00AF	; macron
158	<>	U+02DB	; ogonek
; .notdef             : no Unicode mapping assigned
160	<>	U+0020	; space
161	<>	U+201D	; quotedblright
165	<>	U+201E	; quotedblbase
168	<>	U+00D8	; Oslash
170	<>	U+0156	; Rcommaaccent
173	<>	U+002D	; hyphen
175	<>	U+00C6	; AE
180	<>	U+201C	; quotedblleft
184	<>	U+00F8	; oslash
186	<>	U+0157	; rcommaaccent
191	<>	U+00E6	; ae
192	<>	U+0104	; Aogonek
193	<>	U+012E	; Iogonek
194	<>	U+0100	; Amacron
195	<>	U+0106	; Cacute
198	<>	U+0118	; Eogonek
199	<>	U+0112	; Emacron
200	<>	U+010C	; Ccaron
202	<>	U+0179	; Zacute
203	<>	U+0116	; Edotaccent
204	<>	U+0122	; Gcommaaccent
205	<>	U+0136	; Kcommaaccent
206	<>	U+012A	; Imacron
207	<>	U+013B	; Lcommaaccent
208	<>	U+0160	; Scaron
209	<>	U+0143	; Nacute
210	<>	U+0145	; Ncommaaccent
212	<>	U+014C	; Omacron
216	<>	U+0172	; Uogonek
217	<>	U+0141	; Lslash
218	<>	U+015A	; Sacute
219	<>	U+016A	; Umacron
221	<>	U+017B	; Zdotaccent
222	<>	U+017D	; Zcaron
224	<>	U+0105	; aogonek
225	<>	U+012F	; iogonek
226	<>	U+0101	; amacron
227	<>	U+0107	; cacute
230	<>	U+0119	; eogonek
231	<>	U+0113	; emacron
232	<>	U+010D	; ccaron
234	<>	U+017A	; zacute
235	<>	U+0117	; edotaccent
236	<>	U+0123	; gcommaaccent
237	<>	U+0137	; kcommaaccent
238	<>	U+012B	; imacron
239	<>	U+013C	; lcommaaccent
240	<>	U+0161	; scaron
241	<>	U+0144	; nacute
242	<>	U+0146	; ncommaaccent
244	<>	U+014D	; omacron
248	<>	U+0173	; uogonek
249	<>	U+0142	; lslash
250	<>	U+015B	; sacute
251	<>	U+016B	; umacron
253	<>	U+017C	; zdotaccent
254	<>	U+017E	; zcaron
255	<>	U+2019	; quoteright
