EncodingName "TeX-qx"

pass(Byte_Unicode)

0	<>	U+03B1	; alpha
1	<>	U+2206	; Delta
2	<>	U+03B2	; beta
3	<>	U+03B4	; delta
4	<>	U+03C0	; pi
5	<>	U+03A0	; Pi
6	<>	U+03A3	; Sigma
7	<>	U+00B5	; mu
8	<>	U+2026	; ellipsis
; f_k                 : no Unicode mapping assigned
10	<>	U+2126	; Omega
11	<>	U+FB00	; ff
12	<>	U+FB01	; fi
13	<>	U+FB02	; fl
14	<>	U+FB03	; ffi
15	<>	U+FB04	; ffl
16	<>	U+0131	; dotlessi
17	<>	U+0237	; dotlessj
18	<>	U+0060	; grave
19	<>	U+00B4	; acute
20	<>	U+02C7	; caron
21	<>	U+02D8	; breve
22	<>	U+00AF	; macron
23	<>	U+02DA	; ring
24	<>	U+00B8	; cedilla
25	<>	U+00DF	; germandbls
26	<>	U+00E6	; ae
27	<>	U+0153	; oe
28	<>	U+00F8	; oslash
29	<>	U+00C6	; AE
30	<>	U+0152	; OE
31	<>	U+00D8	; Oslash
34	<>	U+201D	; quotedblright
39	<>	U+2019	; quoteright
60	<>	U+00A1	; exclamdown
62	<>	U+00BF	; questiondown
92	<>	U+201C	; quotedblleft
94	<>	U+02C6	; circumflex
95	<>	U+02D9	; dotaccent
96	<>	U+2018	; quoteleft
123	<>	U+2013	; endash
124	<>	U+2014	; emdash
125	<>	U+02DD	; hungarumlaut
126	<>	U+02DC	; tilde
127	<>	U+00A8	; dieresis
128	<>	U+20AC	; Euro
129	<>	U+0104	; Aogonek
130	<>	U+0106	; Cacute
131	<>	U+003E	; greater
132	<>	U+2265	; greaterequal
133	<>	U+2248	; approxequal
134	<>	U+0118	; Eogonek
135	<>	U+012E	; Iogonek
136	<>	U+003C	; less
137	<>	U+2264	; lessequal
138	<>	U+0141	; Lslash
139	<>	U+0143	; Nacute
140	<>	U+007E	; asciitilde
141	<>	U+005E	; asciicircum
143	<>	U+2020	; dagger
144	<>	U+2021	; daggerdbl
145	<>	U+015A	; Sacute
146	<>	U+0160	; Scaron
147	<>	U+0218	; Scommaaccent
148	<>	U+00B0	; degree
149	<>	U+0162	; Tcommaaccent
150	<>	U+02DB	; ogonek
151	<>	U+0172	; Uogonek
152	<>	U+0178	; Ydieresis
153	<>	U+0179	; Zacute
154	<>	U+017D	; Zcaron
155	<>	U+017B	; Zdotaccent
156	<>	U+0132	; IJ
157	<>	U+007B	; braceleft
158	<>	U+007D	; braceright
159	<>	U+00A7	; section
; .notdef             : no Unicode mapping assigned
161	<>	U+0105	; aogonek
162	<>	U+0107	; cacute
163	<>	U+00AE	; registered
164	<>	U+00A9	; copyright
165	<>	U+00F7	; divide
166	<>	U+0119	; eogonek
167	<>	U+012F	; iogonek
168	<>	U+2212	; minus
169	<>	U+00D7	; multiply
170	<>	U+0142	; lslash
171	<>	U+0144	; nacute
172	<>	U+00B1	; plusminus
173	<>	U+221E	; infinity
174	<>	U+00AB	; guillemotleft
175	<>	U+00BB	; guillemotright
176	<>	U+00B6	; paragraph
177	<>	U+015B	; sacute
178	<>	U+0161	; scaron
179	<>	U+0219	; scommaaccent
180	<>	U+2022	; bullet
181	<>	U+0163	; tcommaaccent
; threequartersemdash : no Unicode mapping assigned
183	<>	U+0173	; uogonek
184	<>	U+00FF	; ydieresis
185	<>	U+017A	; zacute
186	<>	U+017E	; zcaron
187	<>	U+017C	; zdotaccent
188	<>	U+0133	; ij
189	<>	U+00B7	; periodcentered
190	<>	U+0022	; quotedbl
191	<>	U+0027	; quotesingle
198	<>	U+005C	; backslash
215	<>	U+00A4	; currency
216	<>	U+2030	; perthousand
223	<>	U+007C	; bar
230	<>	U+005F	; underscore
247	<>	U+2222	; anglearc
248	<>	U+2300	; diameter
255	<>	U+201E	; quotedblbase
